// Jest Snapshot v1, https://goo.gl/fbAQLP

exports[`renders the WeatherGrid 1`] = `
<DocumentFragment>
  <div>
    <div
      class="MuiPaper-root MuiCard-root WeatherCard-root-1 MuiPaper-elevation1 MuiPaper-rounded"
    >
      <div
        class="MuiCardContent-root"
      >
        <p
          class="MuiTypography-root MuiTypography-body1 MuiTypography-colorTextSecondary MuiTypography-gutterBottom"
        >
          Sat
        </p>
        <div
          class="MuiAvatar-root MuiAvatar-square WeatherIcon-avatar-4 MuiAvatar-colorDefault"
        >
          <div
            class="WeatherIcon-first-3 WeatherIcon-first-5"
          />
        </div>
        <br />
        <p
          class="MuiTypography-root WeatherCard-temp-2 MuiTypography-body1"
        >
          72/
        </p>
        <p
          class="MuiTypography-root WeatherCard-temp-2 MuiTypography-body1 MuiTypography-colorTextSecondary"
        >
          65
        </p>
      </div>
    </div>
    <div
      class="MuiPaper-root MuiCard-root WeatherCard-root-1 MuiPaper-elevation1 MuiPaper-rounded"
    >
      <div
        class="MuiCardContent-root"
      >
        <p
          class="MuiTypography-root MuiTypography-body1 MuiTypography-colorTextSecondary MuiTypography-gutterBottom"
        >
          Sun
        </p>
        <div
          class="MuiAvatar-root MuiAvatar-square WeatherIcon-avatar-4 MuiAvatar-colorDefault"
        >
          <div
            class="WeatherIcon-first-3 WeatherIcon-first-6"
          />
        </div>
        <br />
        <p
          class="MuiTypography-root WeatherCard-temp-2 MuiTypography-body1"
        >
          68/
        </p>
        <p
          class="MuiTypography-root WeatherCard-temp-2 MuiTypography-body1 MuiTypography-colorTextSecondary"
        >
          60
        </p>
      </div>
    </div>
    <div
      class="MuiPaper-root MuiCard-root WeatherCard-root-1 MuiPaper-elevation1 MuiPaper-rounded"
    >
      <div
        class="MuiCardContent-root"
      >
        <p
          class="MuiTypography-root MuiTypography-body1 MuiTypography-colorTextSecondary MuiTypography-gutterBottom"
        >
          Mon
        </p>
        <div
          class="MuiAvatar-root MuiAvatar-square WeatherIcon-avatar-4 MuiAvatar-colorDefault"
        >
          <div
            class="WeatherIcon-first-3 WeatherIcon-first-7"
          />
        </div>
        <br />
        <p
          class="MuiTypography-root WeatherCard-temp-2 MuiTypography-body1"
        >
          70/
        </p>
        <p
          class="MuiTypography-root WeatherCard-temp-2 MuiTypography-body1 MuiTypography-colorTextSecondary"
        >
          62
        </p>
      </div>
    </div>
  </div>
</DocumentFragment>
`;
