// Jest Snapshot v1, https://goo.gl/fbAQLP

exports[`renders the resultarea 1`] = `
<DocumentFragment>
  <div
    class="MuiGrid-root"
  >
    <div
      class="MuiInputBase-root ResultArea-root-2"
    >
      <input
        class="MuiInputBase-input"
        type="text"
        value=""
      />
    </div>
    <div>
      <button
        class="MuiButtonBase-root MuiButton-root MuiButton-contained CalculatorButton-root-4 CalculatorButton-root-5 ClearButton-root-3 MuiButton-disableElevation"
        tabindex="0"
        type="button"
      >
        <span
          class="MuiButton-label"
        >
          clear
        </span>
        <span
          class="MuiTouchRipple-root"
        />
      </button>
      <button
        class="MuiButtonBase-root MuiButton-root MuiButton-contained CalculatorButton-root-4 CalculatorButton-root-6 MuiButton-disableElevation"
        tabindex="0"
        type="button"
      >
        <span
          class="MuiButton-label"
        >
          /
        </span>
        <span
          class="MuiTouchRipple-root"
        />
      </button>
    </div>
    <div>
      <button
        class="MuiButtonBase-root MuiButton-root MuiButton-contained CalculatorButton-root-4 CalculatorButton-root-7 MuiButton-disableElevation"
        tabindex="0"
        type="button"
      >
        <span
          class="MuiButton-label"
        >
          7
        </span>
        <span
          class="MuiTouchRipple-root"
        />
      </button>
      <button
        class="MuiButtonBase-root MuiButton-root MuiButton-contained CalculatorButton-root-4 CalculatorButton-root-8 MuiButton-disableElevation"
        tabindex="0"
        type="button"
      >
        <span
          class="MuiButton-label"
        >
          8
        </span>
        <span
          class="MuiTouchRipple-root"
        />
      </button>
      <button
        class="MuiButtonBase-root MuiButton-root MuiButton-contained CalculatorButton-root-4 CalculatorButton-root-9 MuiButton-disableElevation"
        tabindex="0"
        type="button"
      >
        <span
          class="MuiButton-label"
        >
          9
        </span>
        <span
          class="MuiTouchRipple-root"
        />
      </button>
      <button
        class="MuiButtonBase-root MuiButton-root MuiButton-contained CalculatorButton-root-4 CalculatorButton-root-10 MuiButton-disableElevation"
        tabindex="0"
        type="button"
      >
        <span
          class="MuiButton-label"
        >
          -
        </span>
        <span
          class="MuiTouchRipple-root"
        />
      </button>
    </div>
    <div>
      <button
        class="MuiButtonBase-root MuiButton-root MuiButton-contained CalculatorButton-root-4 CalculatorButton-root-11 MuiButton-disableElevation"
        tabindex="0"
        type="button"
      >
        <span
          class="MuiButton-label"
        >
          4
        </span>
        <span
          class="MuiTouchRipple-root"
        />
      </button>
      <button
        class="MuiButtonBase-root MuiButton-root MuiButton-contained CalculatorButton-root-4 CalculatorButton-root-12 MuiButton-disableElevation"
        tabindex="0"
        type="button"
      >
        <span
          class="MuiButton-label"
        >
          5
        </span>
        <span
          class="MuiTouchRipple-root"
        />
      </button>
      <button
        class="MuiButtonBase-root MuiButton-root MuiButton-contained CalculatorButton-root-4 CalculatorButton-root-13 MuiButton-disableElevation"
        tabindex="0"
        type="button"
      >
        <span
          class="MuiButton-label"
        >
          6
        </span>
        <span
          class="MuiTouchRipple-root"
        />
      </button>
      <button
        class="MuiButtonBase-root MuiButton-root MuiButton-contained CalculatorButton-root-4 CalculatorButton-root-14 MuiButton-disableElevation"
        tabindex="0"
        type="button"
      >
        <span
          class="MuiButton-label"
        >
          +
        </span>
        <span
          class="MuiTouchRipple-root"
        />
      </button>
    </div>
    <div>
      <button
        class="MuiButtonBase-root MuiButton-root MuiButton-contained CalculatorButton-root-4 CalculatorButton-root-15 MuiButton-disableElevation"
        tabindex="0"
        type="button"
      >
        <span
          class="MuiButton-label"
        >
          1
        </span>
        <span
          class="MuiTouchRipple-root"
        />
      </button>
      <button
        class="MuiButtonBase-root MuiButton-root MuiButton-contained CalculatorButton-root-4 CalculatorButton-root-16 MuiButton-disableElevation"
        tabindex="0"
        type="button"
      >
        <span
          class="MuiButton-label"
        >
          2
        </span>
        <span
          class="MuiTouchRipple-root"
        />
      </button>
      <button
        class="MuiButtonBase-root MuiButton-root MuiButton-contained CalculatorButton-root-4 CalculatorButton-root-17 MuiButton-disableElevation"
        tabindex="0"
        type="button"
      >
        <span
          class="MuiButton-label"
        >
          3
        </span>
        <span
          class="MuiTouchRipple-root"
        />
      </button>
      <button
        class="MuiButtonBase-root MuiButton-root MuiButton-contained CalculatorButton-root-4 CalculatorButton-root-18 MuiButton-disableElevation"
        tabindex="0"
        type="button"
      >
        <span
          class="MuiButton-label"
        >
          =
        </span>
        <span
          class="MuiTouchRipple-root"
        />
      </button>
    </div>
  </div>
</DocumentFragment>
`;
