// Jest Snapshot v1, https://goo.gl/fbAQLP

exports[`renders the clearbutton 1`] = `
<DocumentFragment>
  <button
    class="MuiButtonBase-root MuiButton-root MuiButton-contained CalculatorButton-root-2 CalculatorButton-root-3 ClearButton-root-1 MuiButton-disableElevation"
    tabindex="0"
    type="button"
  >
    <span
      class="MuiButton-label"
    >
      clear
    </span>
    <span
      class="MuiTouchRipple-root"
    />
  </button>
</DocumentFragment>
`;
